// Jest Snapshot v1, https://goo.gl/fbAQLP

exports[`Snapshot test for Profile 1`] = `
Array [
  <header>
    <MockNavbar />
  </header>,
  <main>
    <div
      className="mt-4"
    >
      <MockHero />
    </div>
    <div
      className="mt-8"
    >
      <MockLanguagesChart />
    </div>
  </main>,
  <footer
    className="text-center"
  >
    <MockCopyright />
  </footer>,
]
`;
